2025-04-04 04:44:29.760123 - Received CBT.V508.FILE125.PDS from FILE125.XMI 
2025-04-04 04:44:29.762125 - Found $$$#DATE.txt (text/plain) in CBT.V508.FILE125.PDS, moved to PDS/$$$#DATE
2025-04-04 04:44:29.762283 - Found $$README.txt (text/plain) in CBT.V508.FILE125.PDS, moved to PDS/$$README
2025-04-04 04:44:29.762456 - Found $FILE1.txt (text/plain) in CBT.V508.FILE125.PDS, moved to PDS/$FILE1
2025-04-04 04:44:29.762587 - Found $MEMINFO.txt (text/plain) in CBT.V508.FILE125.PDS, moved to PDS/$MEMINFO
2025-04-04 04:44:29.762708 - Found $SASDOC.txt (text/plain) in CBT.V508.FILE125.PDS, moved to PDS/$SASDOC
2025-04-04 04:44:29.762922 - Found @FILE125.txt (text/plain) in CBT.V508.FILE125.PDS, moved to PDS/@FILE125
2025-04-04 04:44:29.763048 - Found ALLOCPDS.jcl (text/plain) in CBT.V508.FILE125.PDS, moved to PDS/ALLOCPDS
2025-04-04 04:44:29.763167 - Found ALLOCSAS.jcl (text/plain) in CBT.V508.FILE125.PDS, moved to PDS/ALLOCSAS
2025-04-04 04:44:29.763290 - Found BADREC.txt (text/plain) in CBT.V508.FILE125.PDS, moved to PDS/BADREC
2025-04-04 04:44:29.763404 - Found BATCH.jcl (text/plain) in CBT.V508.FILE125.PDS, moved to PDS/BATCH
2025-04-04 04:44:29.763522 - Found CONTENTS.jcl (text/plain) in CBT.V508.FILE125.PDS, moved to PDS/CONTENTS
2025-04-04 04:44:29.763637 - Found COPYDT.jcl (text/plain) in CBT.V508.FILE125.PDS, moved to PDS/COPYDT
2025-04-04 04:44:29.763796 - Found CPTOT.txt (text/plain) in CBT.V508.FILE125.PDS, moved to PDS/CPTOT
2025-04-04 04:44:29.763912 - Found CPTOTJ.jcl (text/plain) in CBT.V508.FILE125.PDS, moved to PDS/CPTOTJ
2025-04-04 04:44:29.764082 - Found CPTOTW.txt (text/plain) in CBT.V508.FILE125.PDS, moved to PDS/CPTOTW
2025-04-04 04:44:29.764224 - Found CPTOTWJ.jcl (text/plain) in CBT.V508.FILE125.PDS, moved to PDS/CPTOTWJ
2025-04-04 04:44:29.764388 - Found CPTOT1.txt (text/plain) in CBT.V508.FILE125.PDS, moved to PDS/CPTOT1
2025-04-04 04:44:29.764514 - Found CPUCP.txt (text/plain) in CBT.V508.FILE125.PDS, moved to PDS/CPUCP
2025-04-04 04:44:29.764630 - Found CPUCPW.txt (text/plain) in CBT.V508.FILE125.PDS, moved to PDS/CPUCPW
2025-04-04 04:44:29.764750 - Found CPUCPWX.txt (text/plain) in CBT.V508.FILE125.PDS, moved to PDS/CPUCPWX
2025-04-04 04:44:29.764861 - Found CPUNDL.txt (text/plain) in CBT.V508.FILE125.PDS, moved to PDS/CPUNDL
2025-04-04 04:44:29.764991 - Found CPUNDL3.txt (text/plain) in CBT.V508.FILE125.PDS, moved to PDS/CPUNDL3
2025-04-04 04:44:29.765109 - Found CPUT.txt (text/plain) in CBT.V508.FILE125.PDS, moved to PDS/CPUT
2025-04-04 04:44:29.765301 - Found CPUTJ.jcl (text/plain) in CBT.V508.FILE125.PDS, moved to PDS/CPUTJ
2025-04-04 04:44:29.765469 - Found CPUTW.txt (text/plain) in CBT.V508.FILE125.PDS, moved to PDS/CPUTW
2025-04-04 04:44:29.765617 - Found CPUTWJ.jcl (text/plain) in CBT.V508.FILE125.PDS, moved to PDS/CPUTWJ
2025-04-04 04:44:29.765747 - Found D2BAV.txt (text/plain) in CBT.V508.FILE125.PDS, moved to PDS/D2BAV
2025-04-04 04:44:29.765866 - Found D2BMM.txt (text/plain) in CBT.V508.FILE125.PDS, moved to PDS/D2BMM
2025-04-04 04:44:29.765987 - Found D2CPU.txt (text/plain) in CBT.V508.FILE125.PDS, moved to PDS/D2CPU
2025-04-04 04:44:29.766103 - Found D2M1CPU.txt (text/plain) in CBT.V508.FILE125.PDS, moved to PDS/D2M1CPU
2025-04-04 04:44:29.766225 - Found D2M1TEST.txt (text/plain) in CBT.V508.FILE125.PDS, moved to PDS/D2M1TEST
2025-04-04 04:44:29.766353 - Found D2PPS.txt (text/plain) in CBT.V508.FILE125.PDS, moved to PDS/D2PPS
2025-04-04 04:44:29.766468 - Found D2PPS2.txt (text/plain) in CBT.V508.FILE125.PDS, moved to PDS/D2PPS2
2025-04-04 04:44:29.766598 - Found D2PPS3.txt (text/plain) in CBT.V508.FILE125.PDS, moved to PDS/D2PPS3
2025-04-04 04:44:29.766716 - Found D2RT2.txt (text/plain) in CBT.V508.FILE125.PDS, moved to PDS/D2RT2
2025-04-04 04:44:29.766838 - Found D2RT2P1.txt (text/plain) in CBT.V508.FILE125.PDS, moved to PDS/D2RT2P1
2025-04-04 04:44:29.766947 - Found D2RT3.txt (text/plain) in CBT.V508.FILE125.PDS, moved to PDS/D2RT3
2025-04-04 04:44:29.767059 - Found D2TMM.txt (text/plain) in CBT.V508.FILE125.PDS, moved to PDS/D2TMM
2025-04-04 04:44:29.767168 - Found D2TMMR.txt (text/plain) in CBT.V508.FILE125.PDS, moved to PDS/D2TMMR
2025-04-04 04:44:29.767292 - Found D2TMMX.txt (text/plain) in CBT.V508.FILE125.PDS, moved to PDS/D2TMMX
2025-04-04 04:44:29.767402 - Found EX718901.txt (text/plain) in CBT.V508.FILE125.PDS, moved to PDS/EX718901
2025-04-04 04:44:29.767518 - Found EX718902.txt (text/plain) in CBT.V508.FILE125.PDS, moved to PDS/EX718902
2025-04-04 04:44:29.767627 - Found EX718903.txt (text/plain) in CBT.V508.FILE125.PDS, moved to PDS/EX718903
2025-04-04 04:44:29.767740 - Found EX718904.txt (text/plain) in CBT.V508.FILE125.PDS, moved to PDS/EX718904
2025-04-04 04:44:29.767866 - Found EX718905.txt (text/plain) in CBT.V508.FILE125.PDS, moved to PDS/EX718905
2025-04-04 04:44:29.767977 - Found EX728811.txt (text/plain) in CBT.V508.FILE125.PDS, moved to PDS/EX728811
2025-04-04 04:44:29.768089 - Found EX728812.txt (text/plain) in CBT.V508.FILE125.PDS, moved to PDS/EX728812
2025-04-04 04:44:29.768202 - Found EX728901.txt (text/plain) in CBT.V508.FILE125.PDS, moved to PDS/EX728901
2025-04-04 04:44:29.768311 - Found EX728902.txt (text/plain) in CBT.V508.FILE125.PDS, moved to PDS/EX728902
2025-04-04 04:44:29.768426 - Found EX8811.txt (text/plain) in CBT.V508.FILE125.PDS, moved to PDS/EX8811
2025-04-04 04:44:29.768550 - Found EX8812.txt (text/plain) in CBT.V508.FILE125.PDS, moved to PDS/EX8812
2025-04-04 04:44:29.768670 - Found EX8901.txt (text/plain) in CBT.V508.FILE125.PDS, moved to PDS/EX8901
2025-04-04 04:44:29.768781 - Found EX8902.txt (text/plain) in CBT.V508.FILE125.PDS, moved to PDS/EX8902
2025-04-04 04:44:29.768890 - Found EX8903.txt (text/plain) in CBT.V508.FILE125.PDS, moved to PDS/EX8903
2025-04-04 04:44:29.769010 - Found EX8904.txt (text/plain) in CBT.V508.FILE125.PDS, moved to PDS/EX8904
2025-04-04 04:44:29.769119 - Found EX8905.txt (text/plain) in CBT.V508.FILE125.PDS, moved to PDS/EX8905
2025-04-04 04:44:29.769232 - Found GOPTIONS.txt (text/plain) in CBT.V508.FILE125.PDS, moved to PDS/GOPTIONS
2025-04-04 04:44:29.769345 - Found HHWEEKER.txt (text/plain) in CBT.V508.FILE125.PDS, moved to PDS/HHWEEKER
2025-04-04 04:44:29.769456 - Found HHWEEKM.txt (text/plain) in CBT.V508.FILE125.PDS, moved to PDS/HHWEEKM
2025-04-04 04:44:29.769577 - Found HHWEEKMJ.jcl (text/plain) in CBT.V508.FILE125.PDS, moved to PDS/HHWEEKMJ
2025-04-04 04:44:29.769692 - Found JOBCARD.jcl (text/plain) in CBT.V508.FILE125.PDS, moved to PDS/JOBCARD
2025-04-04 04:44:29.769824 - Found LOADTP.jcl (text/plain) in CBT.V508.FILE125.PDS, moved to PDS/LOADTP
2025-04-04 04:44:29.769937 - Found M1HH.txt (text/plain) in CBT.V508.FILE125.PDS, moved to PDS/M1HH
2025-04-04 04:44:29.770048 - Found PGSECC.txt (text/plain) in CBT.V508.FILE125.PDS, moved to PDS/PGSECC
2025-04-04 04:44:29.770157 - Found PPS3D.txt (text/plain) in CBT.V508.FILE125.PDS, moved to PDS/PPS3D
2025-04-04 04:44:29.770265 - Found PPS3DS.txt (text/plain) in CBT.V508.FILE125.PDS, moved to PDS/PPS3DS
2025-04-04 04:44:29.770378 - Found PRINT.jcl (text/plain) in CBT.V508.FILE125.PDS, moved to PDS/PRINT
2025-04-04 04:44:29.770485 - Found PRINTMEM.jcl (text/plain) in CBT.V508.FILE125.PDS, moved to PDS/PRINTMEM
2025-04-04 04:44:29.770615 - Found REGCPU.txt (text/plain) in CBT.V508.FILE125.PDS, moved to PDS/REGCPU
2025-04-04 04:44:29.770812 - Found REGM1CPU.txt (text/plain) in CBT.V508.FILE125.PDS, moved to PDS/REGM1CPU
2025-04-04 04:44:29.770970 - Found REGPPS1.txt (text/plain) in CBT.V508.FILE125.PDS, moved to PDS/REGPPS1
2025-04-04 04:44:29.771095 - Found REGPROC.txt (text/plain) in CBT.V508.FILE125.PDS, moved to PDS/REGPROC
2025-04-04 04:44:29.771222 - Found RMF70.txt (text/plain) in CBT.V508.FILE125.PDS, moved to PDS/RMF70
2025-04-04 04:44:29.771339 - Found RMF70J.jcl (text/plain) in CBT.V508.FILE125.PDS, moved to PDS/RMF70J
2025-04-04 04:44:29.771452 - Found RMF70W.txt (text/plain) in CBT.V508.FILE125.PDS, moved to PDS/RMF70W
2025-04-04 04:44:29.771563 - Found RMF70WJ.jcl (text/plain) in CBT.V508.FILE125.PDS, moved to PDS/RMF70WJ
2025-04-04 04:44:29.771693 - Found RMF71.txt (text/plain) in CBT.V508.FILE125.PDS, moved to PDS/RMF71
2025-04-04 04:44:29.771821 - Found RMF71J.jcl (text/plain) in CBT.V508.FILE125.PDS, moved to PDS/RMF71J
2025-04-04 04:44:29.771938 - Found RMF71W.txt (text/plain) in CBT.V508.FILE125.PDS, moved to PDS/RMF71W
2025-04-04 04:44:29.772049 - Found RMF71WJ.jcl (text/plain) in CBT.V508.FILE125.PDS, moved to PDS/RMF71WJ
2025-04-04 04:44:29.772204 - Found RMF72.txt (text/plain) in CBT.V508.FILE125.PDS, moved to PDS/RMF72
2025-04-04 04:44:29.772315 - Found RMF72J.jcl (text/plain) in CBT.V508.FILE125.PDS, moved to PDS/RMF72J
2025-04-04 04:44:29.772453 - Found RMF72W.txt (text/plain) in CBT.V508.FILE125.PDS, moved to PDS/RMF72W
2025-04-04 04:44:29.772565 - Found RMF72WJ.jcl (text/plain) in CBT.V508.FILE125.PDS, moved to PDS/RMF72WJ
2025-04-04 04:44:29.772689 - Found RM1CPMAX.txt (text/plain) in CBT.V508.FILE125.PDS, moved to PDS/RM1CPMAX
2025-04-04 04:44:29.772811 - Found RM1CPU.txt (text/plain) in CBT.V508.FILE125.PDS, moved to PDS/RM1CPU
2025-04-04 04:44:29.772925 - Found RM1CPUW.txt (text/plain) in CBT.V508.FILE125.PDS, moved to PDS/RM1CPUW
2025-04-04 04:44:29.773040 - Found RT213D.txt (text/plain) in CBT.V508.FILE125.PDS, moved to PDS/RT213D
2025-04-04 04:44:29.773161 - Found SASCLIST.txt (text/plain) in CBT.V508.FILE125.PDS, moved to PDS/SASCLIST
2025-04-04 04:44:29.773273 - Found SASTC.txt (text/plain) in CBT.V508.FILE125.PDS, moved to PDS/SASTC
2025-04-04 04:44:29.773385 - Found SORTRMF.jcl (text/plain) in CBT.V508.FILE125.PDS, moved to PDS/SORTRMF
2025-04-04 04:44:29.773497 - Found TCCLIST.txt (text/plain) in CBT.V508.FILE125.PDS, moved to PDS/TCCLIST
2025-04-04 04:44:29.773606 - Found UNLOAD.jcl (text/plain) in CBT.V508.FILE125.PDS, moved to PDS/UNLOAD
2025-04-04 04:44:29.773715 - Found VPSOPT.txt (text/plain) in CBT.V508.FILE125.PDS, moved to PDS/VPSOPT
2025-04-04 04:44:29.773852 - Found XY9910.txt (text/plain) in CBT.V508.FILE125.PDS, moved to PDS/XY9910
2025-04-04 04:44:29.773966 - Found XY9910AS.jcl (text/plain) in CBT.V508.FILE125.PDS, moved to PDS/XY9910AS
2025-04-04 04:44:29.774076 - Found XY9910J.jcl (text/plain) in CBT.V508.FILE125.PDS, moved to PDS/XY9910J
